V3 7
FL $XILINX/ALU/ALU.v 2020/11/18.14:04:17 I.24
MO isim_temp/ALU        FL $XILINX/ALU/ALU.v
FL $XILINX/verilog/src/glbl.v 2005/11/16.16:04:44 I.24
MO isim_temp/glbl       FL $XILINX/verilog/src/glbl.v
FL $XILINX/ALU/ALU_tb.v 2020/11/18.14:07:45 I.24
MO isim_temp/ALU_tb_v   FL $XILINX/ALU/ALU_tb.v MI ALU
